\BOOKMARK [0][-]{chapter*.1}{\376\377\000C\000e\000r\000t\000i\000f\000i\000c\000a\000t\000e}{}% 1
\BOOKMARK [0][-]{chapter*.2}{\376\377\000A\000c\000k\000n\000o\000w\000l\000e\000d\000g\000e\000m\000e\000n\000t}{}% 2
\BOOKMARK [0][-]{chapter*.3}{\376\377\000A\000b\000s\000t\000r\000a\000c\000t}{}% 3
\BOOKMARK [0][-]{chapter*.4}{\376\377\000L\000i\000s\000t\000\040\000o\000f\000\040\000A\000b\000b\000r\000e\000v\000i\000a\000t\000i\000o\000n\000s}{}% 4
\BOOKMARK [0][-]{chapter*.5}{\376\377\000L\000i\000s\000t\000\040\000o\000f\000\040\000F\000i\000g\000u\000r\000e\000s}{}% 5
\BOOKMARK [0][-]{chapter*.6}{\376\377\000L\000i\000s\000t\000\040\000o\000f\000\040\000T\000a\000b\000l\000e\000s}{}% 6
\BOOKMARK [0][-]{chapter.1}{\376\377\000I\000n\000t\000r\000o\000d\000u\000c\000t\000i\000o\000n}{}% 7
\BOOKMARK [1][-]{section.1.1}{\376\377\000B\000a\000c\000k\000g\000r\000o\000u\000n\000d}{chapter.1}% 8
\BOOKMARK [2][-]{subsection.1.1.1}{\376\377\000C\000h\000a\000l\000l\000e\000n\000g\000e\000s\000\040\000i\000n\000\040\000T\000r\000a\000d\000i\000t\000i\000o\000n\000a\000l\000\040\000F\000r\000e\000e\000l\000a\000n\000c\000e\000\040\000P\000l\000a\000t\000f\000o\000r\000m\000s}{section.1.1}% 9
\BOOKMARK [1][-]{section.1.2}{\376\377\000P\000r\000o\000j\000e\000c\000t\000\040\000O\000v\000e\000r\000v\000i\000e\000w}{chapter.1}% 10
\BOOKMARK [2][-]{subsection.1.2.1}{\376\377\000K\000e\000y\000\040\000F\000e\000a\000t\000u\000r\000e\000s}{section.1.2}% 11
\BOOKMARK [1][-]{section.1.3}{\376\377\000P\000r\000o\000b\000l\000e\000m\000\040\000D\000e\000f\000i\000n\000i\000t\000i\000o\000n}{chapter.1}% 12
\BOOKMARK [2][-]{subsection.1.3.1}{\376\377\000C\000h\000a\000l\000l\000e\000n\000g\000e\000s\000\040\000i\000n\000\040\000T\000r\000a\000d\000i\000t\000i\000o\000n\000a\000l\000\040\000F\000r\000e\000e\000l\000a\000n\000c\000e\000\040\000P\000l\000a\000t\000f\000o\000r\000m\000s}{section.1.3}% 13
\BOOKMARK [2][-]{subsection.1.3.2}{\376\377\000T\000e\000c\000h\000n\000i\000c\000a\000l\000\040\000C\000h\000a\000l\000l\000e\000n\000g\000e\000s\000\040\000A\000d\000d\000r\000e\000s\000s\000e\000d}{section.1.3}% 14
\BOOKMARK [1][-]{section.1.4}{\376\377\000O\000b\000j\000e\000c\000t\000i\000v\000e\000s}{chapter.1}% 15
\BOOKMARK [0][-]{chapter.2}{\376\377\000L\000i\000t\000e\000r\000a\000t\000u\000r\000e\000\040\000S\000u\000r\000v\000e\000y}{}% 16
\BOOKMARK [1][-]{section.2.1}{\376\377\000B\000l\000o\000c\000k\000c\000h\000a\000i\000n\000\040\000i\000n\000\040\000F\000r\000e\000e\000l\000a\000n\000c\000e\000\040\000M\000a\000r\000k\000e\000t\000s}{chapter.2}% 17
\BOOKMARK [1][-]{section.2.2}{\376\377\000I\000P\000F\000S\000\040\000f\000o\000r\000\040\000D\000e\000c\000e\000n\000t\000r\000a\000l\000i\000z\000e\000d\000\040\000S\000t\000o\000r\000a\000g\000e}{chapter.2}% 18
\BOOKMARK [1][-]{section.2.3}{\376\377\000E\000s\000c\000r\000o\000w\000\040\000M\000e\000c\000h\000a\000n\000i\000s\000m\000s}{chapter.2}% 19
\BOOKMARK [1][-]{section.2.4}{\376\377\000R\000e\000l\000a\000t\000e\000d\000\040\000W\000o\000r\000k}{chapter.2}% 20
\BOOKMARK [2][-]{subsection.2.4.1}{\376\377\000E\000x\000i\000s\000t\000i\000n\000g\000\040\000B\000l\000o\000c\000k\000c\000h\000a\000i\000n\000\040\000F\000r\000e\000e\000l\000a\000n\000c\000e\000\040\000P\000l\000a\000t\000f\000o\000r\000m\000s}{section.2.4}% 21
\BOOKMARK [2][-]{subsection.2.4.2}{\376\377\000L\000i\000m\000i\000t\000a\000t\000i\000o\000n\000s\000\040\000o\000f\000\040\000E\000x\000i\000s\000t\000i\000n\000g\000\040\000S\000o\000l\000u\000t\000i\000o\000n\000s}{section.2.4}% 22
\BOOKMARK [0][-]{chapter.3}{\376\377\000S\000o\000f\000t\000w\000a\000r\000e\000\040\000R\000e\000q\000u\000i\000r\000e\000m\000e\000n\000t\000s\000\040\000S\000p\000e\000c\000i\000f\000i\000c\000a\000t\000i\000o\000n}{}% 23
\BOOKMARK [1][-]{section.3.1}{\376\377\000P\000r\000o\000j\000e\000c\000t\000\040\000S\000c\000o\000p\000e}{chapter.3}% 24
\BOOKMARK [2][-]{subsection.3.1.1}{\376\377\000I\000n\000\040\000S\000c\000o\000p\000e}{section.3.1}% 25
\BOOKMARK [2][-]{subsection.3.1.2}{\376\377\000O\000u\000t\000\040\000o\000f\000\040\000S\000c\000o\000p\000e}{section.3.1}% 26
\BOOKMARK [1][-]{section.3.2}{\376\377\000U\000s\000e\000r\000\040\000C\000l\000a\000s\000s\000e\000s\000\040\000a\000n\000d\000\040\000C\000h\000a\000r\000a\000c\000t\000e\000r\000i\000s\000t\000i\000c\000s}{chapter.3}% 27
\BOOKMARK [2][-]{subsection.3.2.1}{\376\377\000C\000l\000i\000e\000n\000t\000s}{section.3.2}% 28
\BOOKMARK [2][-]{subsection.3.2.2}{\376\377\000F\000r\000e\000e\000l\000a\000n\000c\000e\000r\000s}{section.3.2}% 29
\BOOKMARK [1][-]{section.3.3}{\376\377\000A\000s\000s\000u\000m\000p\000t\000i\000o\000n\000s\000\040\000a\000n\000d\000\040\000D\000e\000p\000e\000n\000d\000e\000n\000c\000i\000e\000s}{chapter.3}% 30
\BOOKMARK [2][-]{subsection.3.3.1}{\376\377\000A\000s\000s\000u\000m\000p\000t\000i\000o\000n\000s}{section.3.3}% 31
\BOOKMARK [2][-]{subsection.3.3.2}{\376\377\000D\000e\000p\000e\000n\000d\000e\000n\000c\000i\000e\000s}{section.3.3}% 32
\BOOKMARK [1][-]{section.3.4}{\376\377\000F\000u\000n\000c\000t\000i\000o\000n\000a\000l\000\040\000R\000e\000q\000u\000i\000r\000e\000m\000e\000n\000t\000s}{chapter.3}% 33
\BOOKMARK [2][-]{subsection.3.4.1}{\376\377\000U\000s\000e\000r\000\040\000P\000r\000o\000f\000i\000l\000e\000\040\000M\000a\000n\000a\000g\000e\000m\000e\000n\000t}{section.3.4}% 34
\BOOKMARK [2][-]{subsection.3.4.2}{\376\377\000J\000o\000b\000\040\000M\000a\000n\000a\000g\000e\000m\000e\000n\000t}{section.3.4}% 35
\BOOKMARK [2][-]{subsection.3.4.3}{\376\377\000P\000r\000o\000p\000o\000s\000a\000l\000\040\000M\000a\000n\000a\000g\000e\000m\000e\000n\000t}{section.3.4}% 36
\BOOKMARK [2][-]{subsection.3.4.4}{\376\377\000P\000a\000y\000m\000e\000n\000t\000\040\000a\000n\000d\000\040\000E\000s\000c\000r\000o\000w}{section.3.4}% 37
\BOOKMARK [1][-]{section.3.5}{\376\377\000E\000x\000t\000e\000r\000n\000a\000l\000\040\000I\000n\000t\000e\000r\000f\000a\000c\000e\000\040\000R\000e\000q\000u\000i\000r\000e\000m\000e\000n\000t\000s}{chapter.3}% 38
\BOOKMARK [2][-]{subsection.3.5.1}{\376\377\000U\000s\000e\000r\000\040\000I\000n\000t\000e\000r\000f\000a\000c\000e\000s}{section.3.5}% 39
\BOOKMARK [2][-]{subsection.3.5.2}{\376\377\000H\000a\000r\000d\000w\000a\000r\000e\000\040\000I\000n\000t\000e\000r\000f\000a\000c\000e\000s}{section.3.5}% 40
\BOOKMARK [2][-]{subsection.3.5.3}{\376\377\000S\000o\000f\000t\000w\000a\000r\000e\000\040\000I\000n\000t\000e\000r\000f\000a\000c\000e\000s}{section.3.5}% 41
\BOOKMARK [2][-]{subsection.3.5.4}{\376\377\000C\000o\000m\000m\000u\000n\000i\000c\000a\000t\000i\000o\000n\000\040\000I\000n\000t\000e\000r\000f\000a\000c\000e\000s}{section.3.5}% 42
\BOOKMARK [1][-]{section.3.6}{\376\377\000N\000o\000n\000-\000F\000u\000n\000c\000t\000i\000o\000n\000a\000l\000\040\000R\000e\000q\000u\000i\000r\000e\000m\000e\000n\000t\000s}{chapter.3}% 43
\BOOKMARK [2][-]{subsection.3.6.1}{\376\377\000P\000e\000r\000f\000o\000r\000m\000a\000n\000c\000e\000\040\000R\000e\000q\000u\000i\000r\000e\000m\000e\000n\000t\000s}{section.3.6}% 44
\BOOKMARK [2][-]{subsection.3.6.2}{\376\377\000S\000a\000f\000e\000t\000y\000\040\000R\000e\000q\000u\000i\000r\000e\000m\000e\000n\000t\000s}{section.3.6}% 45
\BOOKMARK [2][-]{subsection.3.6.3}{\376\377\000S\000e\000c\000u\000r\000i\000t\000y\000\040\000R\000e\000q\000u\000i\000r\000e\000m\000e\000n\000t\000s}{section.3.6}% 46
\BOOKMARK [2][-]{subsection.3.6.4}{\376\377\000S\000o\000f\000t\000w\000a\000r\000e\000\040\000Q\000u\000a\000l\000i\000t\000y\000\040\000A\000t\000t\000r\000i\000b\000u\000t\000e\000s}{section.3.6}% 47
\BOOKMARK [1][-]{section.3.7}{\376\377\000S\000y\000s\000t\000e\000m\000\040\000R\000e\000q\000u\000i\000r\000e\000m\000e\000n\000t\000s}{chapter.3}% 48
\BOOKMARK [2][-]{subsection.3.7.1}{\376\377\000D\000a\000t\000a\000b\000a\000s\000e\000\040\000R\000e\000q\000u\000i\000r\000e\000m\000e\000n\000t\000s}{section.3.7}% 49
\BOOKMARK [2][-]{subsection.3.7.2}{\376\377\000S\000o\000f\000t\000w\000a\000r\000e\000\040\000R\000e\000q\000u\000i\000r\000e\000m\000e\000n\000t\000s}{section.3.7}% 50
\BOOKMARK [2][-]{subsection.3.7.3}{\376\377\000H\000a\000r\000d\000w\000a\000r\000e\000\040\000R\000e\000q\000u\000i\000r\000e\000m\000e\000n\000t\000s}{section.3.7}% 51
\BOOKMARK [1][-]{section.3.8}{\376\377\000A\000n\000a\000l\000y\000s\000i\000s\000\040\000M\000o\000d\000e\000l\000s}{chapter.3}% 52
\BOOKMARK [2][-]{subsection.3.8.1}{\376\377\000D\000a\000t\000a\000\040\000F\000l\000o\000w}{section.3.8}% 53
\BOOKMARK [2][-]{subsection.3.8.2}{\376\377\000S\000y\000s\000t\000e\000m\000\040\000I\000m\000p\000l\000e\000m\000e\000n\000t\000a\000t\000i\000o\000n\000\040\000P\000l\000a\000n}{section.3.8}% 54
\BOOKMARK [0][-]{chapter.4}{\376\377\000S\000y\000s\000t\000e\000m\000\040\000D\000e\000s\000i\000g\000n}{}% 55
\BOOKMARK [1][-]{section.4.1}{\376\377\000S\000y\000s\000t\000e\000m\000\040\000A\000r\000c\000h\000i\000t\000e\000c\000t\000u\000r\000e}{chapter.4}% 56
\BOOKMARK [2][-]{subsection.4.1.1}{\376\377\000H\000i\000g\000h\000-\000L\000e\000v\000e\000l\000\040\000A\000r\000c\000h\000i\000t\000e\000c\000t\000u\000r\000e}{section.4.1}% 57
\BOOKMARK [2][-]{subsection.4.1.2}{\376\377\000L\000a\000y\000e\000r\000\040\0001\000:\000\040\000P\000r\000e\000s\000e\000n\000t\000a\000t\000i\000o\000n\000\040\000L\000a\000y\000e\000r}{section.4.1}% 58
\BOOKMARK [2][-]{subsection.4.1.3}{\376\377\000L\000a\000y\000e\000r\000\040\0002\000:\000\040\000A\000p\000p\000l\000i\000c\000a\000t\000i\000o\000n\000\040\000L\000a\000y\000e\000r}{section.4.1}% 59
\BOOKMARK [2][-]{subsection.4.1.4}{\376\377\000L\000a\000y\000e\000r\000\040\0003\000:\000\040\000B\000l\000o\000c\000k\000c\000h\000a\000i\000n\000\040\000L\000a\000y\000e\000r}{section.4.1}% 60
\BOOKMARK [2][-]{subsection.4.1.5}{\376\377\000L\000a\000y\000e\000r\000\040\0004\000:\000\040\000S\000t\000o\000r\000a\000g\000e\000\040\000L\000a\000y\000e\000r}{section.4.1}% 61
\BOOKMARK [1][-]{section.4.2}{\376\377\000D\000a\000t\000a\000\040\000F\000l\000o\000w\000\040\000D\000i\000a\000g\000r\000a\000m\000s}{chapter.4}% 62
\BOOKMARK [2][-]{subsection.4.2.1}{\376\377\000L\000e\000v\000e\000l\000\040\0000\000:\000\040\000C\000o\000n\000t\000e\000x\000t\000\040\000D\000i\000a\000g\000r\000a\000m}{section.4.2}% 63
\BOOKMARK [2][-]{subsection.4.2.2}{\376\377\000L\000e\000v\000e\000l\000\040\0001\000:\000\040\000F\000i\000r\000s\000t\000L\000e\000v\000e\000l\000\040\000D\000e\000c\000o\000m\000p\000o\000s\000i\000t\000i\000o\000n}{section.4.2}% 64
\BOOKMARK [2][-]{subsection.4.2.3}{\376\377\000L\000e\000v\000e\000l\000\040\0002\000:\000\040\000D\000e\000t\000a\000i\000l\000e\000d\000\040\000P\000r\000o\000c\000e\000s\000s\000\040\000D\000i\000a\000g\000r\000a\000m\000s}{section.4.2}% 65
\BOOKMARK [2][-]{subsection.4.2.4}{\376\377\000J\000o\000b\000\040\000C\000r\000e\000a\000t\000i\000o\000n\000\040\000F\000l\000o\000w}{section.4.2}% 66
\BOOKMARK [2][-]{subsection.4.2.5}{\376\377\000P\000r\000o\000p\000o\000s\000a\000l\000\040\000a\000n\000d\000\040\000H\000i\000r\000i\000n\000g\000\040\000F\000l\000o\000w}{section.4.2}% 67
\BOOKMARK [2][-]{subsection.4.2.6}{\376\377\000C\000o\000m\000p\000l\000e\000t\000i\000o\000n\000\040\000a\000n\000d\000\040\000P\000a\000y\000m\000e\000n\000t\000\040\000F\000l\000o\000w}{section.4.2}% 68
\BOOKMARK [1][-]{section.4.3}{\376\377\000U\000M\000L\000\040\000D\000i\000a\000g\000r\000a\000m\000s}{chapter.4}% 69
\BOOKMARK [2][-]{subsection.4.3.1}{\376\377\000U\000s\000e\000\040\000C\000a\000s\000e\000\040\000D\000i\000a\000g\000r\000a\000m}{section.4.3}% 70
\BOOKMARK [2][-]{subsection.4.3.2}{\376\377\000C\000l\000a\000s\000s\000\040\000D\000i\000a\000g\000r\000a\000m}{section.4.3}% 71
\BOOKMARK [2][-]{subsection.4.3.3}{\376\377\000S\000e\000q\000u\000e\000n\000c\000e\000\040\000D\000i\000a\000g\000r\000a\000m\000:\000\040\000J\000o\000b\000\040\000C\000r\000e\000a\000t\000i\000o\000n}{section.4.3}% 72
\BOOKMARK [0][-]{chapter.5}{\376\377\000I\000m\000p\000l\000e\000m\000e\000n\000t\000a\000t\000i\000o\000n\000\040\000D\000e\000t\000a\000i\000l\000s}{}% 73
\BOOKMARK [1][-]{section.5.1}{\376\377\000S\000m\000a\000r\000t\000\040\000C\000o\000n\000t\000r\000a\000c\000t\000\040\000I\000m\000p\000l\000e\000m\000e\000n\000t\000a\000t\000i\000o\000n}{chapter.5}% 74
\BOOKMARK [2][-]{subsection.5.1.1}{\376\377\000U\000s\000e\000r\000P\000r\000o\000f\000i\000l\000e\000\040\000C\000o\000n\000t\000r\000a\000c\000t}{section.5.1}% 75
\BOOKMARK [2][-]{subsection.5.1.2}{\376\377\000J\000o\000b\000s\000C\000o\000n\000t\000r\000a\000c\000t}{section.5.1}% 76
\BOOKMARK [2][-]{subsection.5.1.3}{\376\377\000P\000r\000o\000p\000o\000s\000a\000l\000s\000C\000o\000n\000t\000r\000a\000c\000t}{section.5.1}% 77
\BOOKMARK [1][-]{section.5.2}{\376\377\000F\000r\000o\000n\000t\000e\000n\000d\000\040\000I\000m\000p\000l\000e\000m\000e\000n\000t\000a\000t\000i\000o\000n}{chapter.5}% 78
\BOOKMARK [2][-]{subsection.5.2.1}{\376\377\000P\000r\000o\000j\000e\000c\000t\000\040\000S\000t\000r\000u\000c\000t\000u\000r\000e}{section.5.2}% 79
\BOOKMARK [2][-]{subsection.5.2.2}{\376\377\000S\000t\000a\000t\000e\000\040\000M\000a\000n\000a\000g\000e\000m\000e\000n\000t}{section.5.2}% 80
\BOOKMARK [2][-]{subsection.5.2.3}{\376\377\000I\000P\000F\000S\000\040\000I\000n\000t\000e\000g\000r\000a\000t\000i\000o\000n}{section.5.2}% 81
\BOOKMARK [2][-]{subsection.5.2.4}{\376\377\000B\000l\000o\000c\000k\000c\000h\000a\000i\000n\000\040\000C\000o\000n\000f\000i\000g\000u\000r\000a\000t\000i\000o\000n}{section.5.2}% 82
\BOOKMARK [2][-]{subsection.5.2.5}{\376\377\000G\000a\000s\000\040\000O\000p\000t\000i\000m\000i\000z\000a\000t\000i\000o\000n\000\040\000a\000n\000d\000\040\000A\000c\000c\000e\000s\000s\000\040\000C\000o\000n\000t\000r\000o\000l}{section.5.2}% 83
\BOOKMARK [0][-]{chapter.6}{\376\377\000T\000e\000s\000t\000i\000n\000g\000\040\000a\000n\000d\000\040\000V\000a\000l\000i\000d\000a\000t\000i\000o\000n}{}% 84
\BOOKMARK [1][-]{section.6.1}{\376\377\000T\000e\000s\000t\000\040\000S\000u\000i\000t\000e}{chapter.6}% 85
\BOOKMARK [2][-]{subsection.6.1.1}{\376\377\000T\000e\000s\000t\000\040\000C\000o\000v\000e\000r\000a\000g\000e\000\040\000S\000u\000m\000m\000a\000r\000y}{section.6.1}% 86
\BOOKMARK [1][-]{section.6.2}{\376\377\000T\000e\000s\000t\000\040\000E\000x\000e\000c\000u\000t\000i\000o\000n}{chapter.6}% 87
\BOOKMARK [2][-]{subsection.6.2.1}{\376\377\000T\000e\000s\000t\000\040\000C\000o\000v\000e\000r\000a\000g\000e\000\040\000R\000e\000s\000u\000l\000t\000s}{section.6.2}% 88
\BOOKMARK [1][-]{section.6.3}{\376\377\000S\000e\000c\000u\000r\000i\000t\000y\000\040\000A\000u\000d\000i\000t\000\040\000C\000h\000e\000c\000k\000l\000i\000s\000t}{chapter.6}% 89
\BOOKMARK [1][-]{section.6.4}{\376\377\000I\000n\000t\000e\000g\000r\000a\000t\000i\000o\000n\000\040\000T\000e\000s\000t\000i\000n\000g}{chapter.6}% 90
\BOOKMARK [1][-]{section.6.5}{\376\377\000P\000e\000r\000f\000o\000r\000m\000a\000n\000c\000e\000\040\000T\000e\000s\000t\000i\000n\000g}{chapter.6}% 91
\BOOKMARK [2][-]{subsection.6.5.1}{\376\377\000G\000a\000s\000\040\000C\000o\000s\000t\000\040\000A\000n\000a\000l\000y\000s\000i\000s}{section.6.5}% 92
\BOOKMARK [2][-]{subsection.6.5.2}{\376\377\000L\000o\000a\000d\000\040\000T\000e\000s\000t\000i\000n\000g}{section.6.5}% 93
\BOOKMARK [1][-]{section.6.6}{\376\377\000V\000a\000l\000i\000d\000a\000t\000i\000o\000n\000\040\000R\000e\000s\000u\000l\000t\000s}{chapter.6}% 94
\BOOKMARK [0][-]{chapter.7}{\376\377\000O\000t\000h\000e\000r\000\040\000S\000p\000e\000c\000i\000f\000i\000c\000a\000t\000i\000o\000n\000s}{}% 95
\BOOKMARK [1][-]{section.7.1}{\376\377\000A\000d\000v\000a\000n\000t\000a\000g\000e\000s}{chapter.7}% 96
\BOOKMARK [1][-]{section.7.2}{\376\377\000L\000i\000m\000i\000t\000a\000t\000i\000o\000n\000s}{chapter.7}% 97
\BOOKMARK [1][-]{section.7.3}{\376\377\000A\000p\000p\000l\000i\000c\000a\000t\000i\000o\000n\000s}{chapter.7}% 98
\BOOKMARK [0][-]{chapter.8}{\376\377\000C\000o\000n\000c\000l\000u\000s\000i\000o\000n}{}% 99
\BOOKMARK [1][-]{section.8.1}{\376\377\000S\000u\000m\000m\000a\000r\000y}{chapter.8}% 100
\BOOKMARK [1][-]{section.8.2}{\376\377\000T\000e\000c\000h\000n\000i\000c\000a\000l\000\040\000A\000c\000h\000i\000e\000v\000e\000m\000e\000n\000t\000s}{chapter.8}% 101
\BOOKMARK [1][-]{section.8.3}{\376\377\000L\000e\000a\000r\000n\000i\000n\000g\000\040\000O\000u\000t\000c\000o\000m\000e\000s}{chapter.8}% 102
\BOOKMARK [1][-]{section.8.4}{\376\377\000I\000m\000p\000a\000c\000t\000\040\000a\000n\000d\000\040\000C\000o\000n\000c\000l\000u\000d\000i\000n\000g\000\040\000R\000e\000m\000a\000r\000k\000s}{chapter.8}% 103
\BOOKMARK [0][-]{chapter.9}{\376\377\000F\000u\000t\000u\000r\000e\000\040\000W\000o\000r\000k}{}% 104
\BOOKMARK [1][-]{section.9.1}{\376\377\000O\000v\000e\000r\000v\000i\000e\000w}{chapter.9}% 105
\BOOKMARK [1][-]{section.9.2}{\376\377\000A\000d\000v\000a\000n\000c\000e\000d\000\040\000F\000e\000a\000t\000u\000r\000e\000s}{chapter.9}% 106
\BOOKMARK [1][-]{section.9.3}{\376\377\000S\000c\000a\000l\000a\000b\000i\000l\000i\000t\000y\000\040\000I\000m\000p\000r\000o\000v\000e\000m\000e\000n\000t\000s}{chapter.9}% 107
\BOOKMARK [1][-]{section.9.4}{\376\377\000B\000u\000s\000i\000n\000e\000s\000s\000\040\000E\000n\000h\000a\000n\000c\000e\000m\000e\000n\000t\000s}{chapter.9}% 108
\BOOKMARK [1][-]{section.9.5}{\376\377\000R\000o\000a\000d\000m\000a\000p\000\040\000S\000u\000m\000m\000a\000r\000y}{chapter.9}% 109
\BOOKMARK [0][-]{appendix.A}{\376\377\000D\000e\000p\000l\000o\000y\000m\000e\000n\000t\000\040\000a\000n\000d\000\040\000C\000o\000n\000f\000i\000g\000u\000r\000a\000t\000i\000o\000n}{}% 110
\BOOKMARK [1][-]{section.A.1}{\376\377\000D\000e\000p\000l\000o\000y\000m\000e\000n\000t\000\040\000C\000o\000n\000f\000i\000g\000u\000r\000a\000t\000i\000o\000n}{appendix.A}% 111
\BOOKMARK [2][-]{subsection.A.1.1}{\376\377\000D\000e\000p\000l\000o\000y\000\040\000S\000c\000r\000i\000p\000t\000\040\000S\000u\000m\000m\000a\000r\000y}{section.A.1}% 112
\BOOKMARK [2][-]{subsection.A.1.2}{\376\377\000E\000n\000v\000i\000r\000o\000n\000m\000e\000n\000t\000\040\000C\000o\000n\000f\000i\000g\000u\000r\000a\000t\000i\000o\000n}{section.A.1}% 113
\BOOKMARK [2][-]{subsection.A.1.3}{\376\377\000D\000e\000p\000l\000o\000y\000m\000e\000n\000t\000\040\000W\000o\000r\000k\000f\000l\000o\000w}{section.A.1}% 114
\BOOKMARK [1][-]{section.A.2}{\376\377\000P\000i\000n\000a\000t\000a\000\040\000I\000P\000F\000S\000\040\000S\000e\000t\000u\000p}{appendix.A}% 115
\BOOKMARK [1][-]{section.A.3}{\376\377\000O\000p\000e\000r\000a\000t\000i\000o\000n\000a\000l\000\040\000C\000o\000n\000s\000i\000d\000e\000r\000a\000t\000i\000o\000n\000s}{appendix.A}% 116
\BOOKMARK [0][-]{section.A.3}{\376\377\000B\000i\000b\000l\000i\000o\000g\000r\000a\000p\000h\000y}{}% 117
